TimeQuest Timing Analyzer report for L0902
Fri Sep 16 18:00:31 2022
Quartus II Version 9.0 Build 235 06/17/2009 Service Pack 2 SJ Web Edition


---------------------
; Table of Contents ;
---------------------
  1. Legal Notice
  2. TimeQuest Timing Analyzer Summary
  3. Parallel Compilation
  4. Clocks
  5. Slow 1200mV 85C Model Fmax Summary
  6. Slow 1200mV 85C Model Setup Summary
  7. Slow 1200mV 85C Model Hold Summary
  8. Slow 1200mV 85C Model Recovery Summary
  9. Slow 1200mV 85C Model Removal Summary
 10. Slow 1200mV 85C Model Minimum Pulse Width
 11. Setup Times
 12. Hold Times
 13. Clock to Output Times
 14. Minimum Clock to Output Times
 15. Propagation Delay
 16. Minimum Propagation Delay
 17. Slow 1200mV 0C Model Fmax Summary
 18. Slow 1200mV 0C Model Setup Summary
 19. Slow 1200mV 0C Model Hold Summary
 20. Slow 1200mV 0C Model Recovery Summary
 21. Slow 1200mV 0C Model Removal Summary
 22. Slow 1200mV 0C Model Minimum Pulse Width
 23. Setup Times
 24. Hold Times
 25. Clock to Output Times
 26. Minimum Clock to Output Times
 27. Propagation Delay
 28. Minimum Propagation Delay
 29. Fast 1200mV 0C Model Setup Summary
 30. Fast 1200mV 0C Model Hold Summary
 31. Fast 1200mV 0C Model Recovery Summary
 32. Fast 1200mV 0C Model Removal Summary
 33. Fast 1200mV 0C Model Minimum Pulse Width
 34. Setup Times
 35. Hold Times
 36. Clock to Output Times
 37. Minimum Clock to Output Times
 38. Propagation Delay
 39. Minimum Propagation Delay
 40. Multicorner Timing Analysis Summary
 41. Setup Times
 42. Hold Times
 43. Clock to Output Times
 44. Minimum Clock to Output Times
 45. Progagation Delay
 46. Minimum Progagation Delay
 47. Board Trace Model Assignments
 48. Input Transition Times
 49. Slow Corner Signal Integrity Metrics
 50. Fast Corner Signal Integrity Metrics
 51. Setup Transfers
 52. Hold Transfers
 53. Report TCCS
 54. Report RSKM
 55. Unconstrained Paths
 56. TimeQuest Timing Analyzer Messages



----------------
; Legal Notice ;
----------------
Copyright (C) 1991-2009 Altera Corporation
Your use of Altera Corporation's design tools, logic functions 
and other software and tools, and its AMPP partner logic 
functions, and any output files from any of the foregoing 
(including device programming or simulation files), and any 
associated documentation or information are expressly subject 
to the terms and conditions of the Altera Program License 
Subscription Agreement, Altera MegaCore Function License 
Agreement, or other applicable license agreement, including, 
without limitation, that your use is for the sole purpose of 
programming logic devices manufactured by Altera and sold by 
Altera or its authorized distributors.  Please refer to the 
applicable agreement for further details.



+-------------------------------------------------------------------------------------+
; TimeQuest Timing Analyzer Summary                                                   ;
+--------------------+----------------------------------------------------------------+
; Quartus II Version ; Version 9.0 Build 235 06/17/2009 Service Pack 2 SJ Web Edition ;
; Revision Name      ; L0902                                                          ;
; Device Family      ; Cyclone III                                                    ;
; Device Name        ; EP3C16F484C6                                                   ;
; Timing Models      ; Final                                                          ;
; Delay Model        ; Combined                                                       ;
; Rise/Fall Delays   ; Enabled                                                        ;
+--------------------+----------------------------------------------------------------+


Parallel compilation was disabled, but you have multiple processors available. Enable parallel compilation to reduce compilation time.
+-------------------------------------+
; Parallel Compilation                ;
+----------------------------+--------+
; Processors                 ; Number ;
+----------------------------+--------+
; Number detected on machine ; 12     ;
; Maximum allowed            ; 1      ;
+----------------------------+--------+


+---------------------------------------------------------------------------------------------------------------------------------------------------------------------------------+
; Clocks                                                                                                                                                                          ;
+------------+------+--------+------------+-------+-------+------------+-----------+-------------+-------+--------+-----------+------------+----------+--------+--------+---------+
; Clock Name ; Type ; Period ; Frequency  ; Rise  ; Fall  ; Duty Cycle ; Divide by ; Multiply by ; Phase ; Offset ; Edge List ; Edge Shift ; Inverted ; Master ; Source ; Targets ;
+------------+------+--------+------------+-------+-------+------------+-----------+-------------+-------+--------+-----------+------------+----------+--------+--------+---------+
; Clk        ; Base ; 1.000  ; 1000.0 MHz ; 0.000 ; 0.500 ;            ;           ;             ;       ;        ;           ;            ;          ;        ;        ; { Clk } ;
+------------+------+--------+------------+-------+-------+------------+-----------+-------------+-------+--------+-----------+------------+----------+--------+--------+---------+


+------------------------------------------------------------------------------------------------------------+
; Slow 1200mV 85C Model Fmax Summary                                                                         ;
+-------------+-----------------+------------+---------------------------------------------------------------+
; Fmax        ; Restricted Fmax ; Clock Name ; Note                                                          ;
+-------------+-----------------+------------+---------------------------------------------------------------+
; 1090.51 MHz ; 250.0 MHz       ; Clk        ; limit due to minimum period restriction (max I/O toggle rate) ;
+-------------+-----------------+------------+---------------------------------------------------------------+
This panel reports FMAX for every clock in the design, regardless of the user-specified clock periods.  FMAX is only computed for paths where the source and destination registers or ports are driven by the same clock.  Paths of different clocks, including generated clocks, are ignored.  For paths between a clock and its inversion, FMAX is computed as if the rising and falling edges are scaled along with FMAX, such that the duty cycle (in terms of a percentage) is maintained. Altera recommends that you always use clock constraints and other slack reports for sign-off analysis.


+-------------------------------------+
; Slow 1200mV 85C Model Setup Summary ;
+-------+-------+---------------------+
; Clock ; Slack ; End Point TNS       ;
+-------+-------+---------------------+
; Clk   ; 0.083 ; 0.000               ;
+-------+-------+---------------------+


+------------------------------------+
; Slow 1200mV 85C Model Hold Summary ;
+-------+-------+--------------------+
; Clock ; Slack ; End Point TNS      ;
+-------+-------+--------------------+
; Clk   ; 0.358 ; 0.000              ;
+-------+-------+--------------------+


------------------------------------------
; Slow 1200mV 85C Model Recovery Summary ;
------------------------------------------
No paths to report.


-----------------------------------------
; Slow 1200mV 85C Model Removal Summary ;
-----------------------------------------
No paths to report.


+--------------------------------------------------------------------------------------------------------------------+
; Slow 1200mV 85C Model Minimum Pulse Width                                                                          ;
+--------+--------------+----------------+-------+------------------+-------+------------+---------------------------+
; Slack  ; Actual Width ; Required Width ; CCPP  ; Type             ; Clock ; Clock Edge ; Target                    ;
+--------+--------------+----------------+-------+------------------+-------+------------+---------------------------+
; -3.000 ; 1.000        ; 4.000          ; 0.000 ; Port Rate        ; Clk   ; Rise       ; Clk                       ;
; -1.000 ; 1.000        ; 2.000          ; 0.000 ; Min Period       ; Clk   ; Rise       ; L0902:inst|fstate.A       ;
; -1.000 ; 1.000        ; 2.000          ; 0.000 ; Min Period       ; Clk   ; Rise       ; L0902:inst|fstate.B       ;
; -1.000 ; 1.000        ; 2.000          ; 0.000 ; Min Period       ; Clk   ; Rise       ; L0902:inst|fstate.C       ;
; -1.000 ; 1.000        ; 2.000          ; 0.000 ; Min Period       ; Clk   ; Rise       ; L0902:inst|fstate.D       ;
; 0.187  ; 0.287        ; 0.184          ; 0.084 ; Low Pulse Width  ; Clk   ; Rise       ; L0902:inst|fstate.A       ;
; 0.187  ; 0.287        ; 0.184          ; 0.084 ; Low Pulse Width  ; Clk   ; Rise       ; L0902:inst|fstate.B       ;
; 0.187  ; 0.287        ; 0.184          ; 0.084 ; Low Pulse Width  ; Clk   ; Rise       ; L0902:inst|fstate.C       ;
; 0.187  ; 0.287        ; 0.184          ; 0.084 ; Low Pulse Width  ; Clk   ; Rise       ; L0902:inst|fstate.D       ;
; 0.339  ; 0.339        ; 0.000          ; 0.000 ; Low Pulse Width  ; Clk   ; Rise       ; Clk~input|o               ;
; 0.349  ; 0.303        ; 0.000          ; 0.046 ; Low Pulse Width  ; Clk   ; Rise       ; inst|fstate.A|clk         ;
; 0.349  ; 0.303        ; 0.000          ; 0.046 ; Low Pulse Width  ; Clk   ; Rise       ; inst|fstate.B|clk         ;
; 0.349  ; 0.303        ; 0.000          ; 0.046 ; Low Pulse Width  ; Clk   ; Rise       ; inst|fstate.C|clk         ;
; 0.349  ; 0.303        ; 0.000          ; 0.046 ; Low Pulse Width  ; Clk   ; Rise       ; inst|fstate.D|clk         ;
; 0.356  ; 0.350        ; 0.000          ; 0.006 ; Low Pulse Width  ; Clk   ; Rise       ; Clk~inputclkctrl|inclk[0] ;
; 0.356  ; 0.350        ; 0.000          ; 0.006 ; Low Pulse Width  ; Clk   ; Rise       ; Clk~inputclkctrl|outclk   ;
; 0.411  ; 0.543        ; 0.216          ; 0.084 ; High Pulse Width ; Clk   ; Rise       ; L0902:inst|fstate.A       ;
; 0.411  ; 0.543        ; 0.216          ; 0.084 ; High Pulse Width ; Clk   ; Rise       ; L0902:inst|fstate.B       ;
; 0.411  ; 0.543        ; 0.216          ; 0.084 ; High Pulse Width ; Clk   ; Rise       ; L0902:inst|fstate.C       ;
; 0.411  ; 0.543        ; 0.216          ; 0.084 ; High Pulse Width ; Clk   ; Rise       ; L0902:inst|fstate.D       ;
; 0.500  ; 0.500        ; 0.000          ; 0.000 ; High Pulse Width ; Clk   ; Rise       ; Clk~input|i               ;
; 0.500  ; 0.500        ; 0.000          ; 0.000 ; Low Pulse Width  ; Clk   ; Rise       ; Clk~input|i               ;
; 0.643  ; 0.637        ; 0.000          ; 0.006 ; High Pulse Width ; Clk   ; Rise       ; Clk~inputclkctrl|inclk[0] ;
; 0.643  ; 0.637        ; 0.000          ; 0.006 ; High Pulse Width ; Clk   ; Rise       ; Clk~inputclkctrl|outclk   ;
; 0.651  ; 0.605        ; 0.000          ; 0.046 ; High Pulse Width ; Clk   ; Rise       ; inst|fstate.A|clk         ;
; 0.651  ; 0.605        ; 0.000          ; 0.046 ; High Pulse Width ; Clk   ; Rise       ; inst|fstate.B|clk         ;
; 0.651  ; 0.605        ; 0.000          ; 0.046 ; High Pulse Width ; Clk   ; Rise       ; inst|fstate.C|clk         ;
; 0.651  ; 0.605        ; 0.000          ; 0.046 ; High Pulse Width ; Clk   ; Rise       ; inst|fstate.D|clk         ;
; 0.661  ; 0.661        ; 0.000          ; 0.000 ; High Pulse Width ; Clk   ; Rise       ; Clk~input|o               ;
+--------+--------------+----------------+-------+------------------+-------+------------+---------------------------+


+-----------------------------------------------------------------------+
; Setup Times                                                           ;
+-----------+------------+-------+-------+------------+-----------------+
; Data Port ; Clock Port ; Rise  ; Fall  ; Clock Edge ; Clock Reference ;
+-----------+------------+-------+-------+------------+-----------------+
; Reset     ; Clk        ; 1.572 ; 1.968 ; Rise       ; Clk             ;
; W         ; Clk        ; 2.202 ; 2.733 ; Rise       ; Clk             ;
+-----------+------------+-------+-------+------------+-----------------+


+-------------------------------------------------------------------------+
; Hold Times                                                              ;
+-----------+------------+--------+--------+------------+-----------------+
; Data Port ; Clock Port ; Rise   ; Fall   ; Clock Edge ; Clock Reference ;
+-----------+------------+--------+--------+------------+-----------------+
; Reset     ; Clk        ; -1.014 ; -1.406 ; Rise       ; Clk             ;
; W         ; Clk        ; -1.765 ; -2.243 ; Rise       ; Clk             ;
+-----------+------------+--------+--------+------------+-----------------+


+-----------------------------------------------------------------------+
; Clock to Output Times                                                 ;
+-----------+------------+-------+-------+------------+-----------------+
; Data Port ; Clock Port ; Rise  ; Fall  ; Clock Edge ; Clock Reference ;
+-----------+------------+-------+-------+------------+-----------------+
; Qn[*]     ; Clk        ; 6.890 ; 6.983 ; Rise       ; Clk             ;
;  Qn[0]    ; Clk        ; 6.700 ; 6.630 ; Rise       ; Clk             ;
;  Qn[1]    ; Clk        ; 6.890 ; 6.983 ; Rise       ; Clk             ;
; Qn1[*]    ; Clk        ; 6.470 ; 6.555 ; Rise       ; Clk             ;
;  Qn1[0]   ; Clk        ; 6.470 ; 6.319 ; Rise       ; Clk             ;
;  Qn1[1]   ; Clk        ; 6.450 ; 6.555 ; Rise       ; Clk             ;
; z         ; Clk        ; 7.130 ; 7.227 ; Rise       ; Clk             ;
+-----------+------------+-------+-------+------------+-----------------+


+-----------------------------------------------------------------------+
; Minimum Clock to Output Times                                         ;
+-----------+------------+-------+-------+------------+-----------------+
; Data Port ; Clock Port ; Rise  ; Fall  ; Clock Edge ; Clock Reference ;
+-----------+------------+-------+-------+------------+-----------------+
; Qn[*]     ; Clk        ; 6.367 ; 6.432 ; Rise       ; Clk             ;
;  Qn[0]    ; Clk        ; 6.367 ; 6.454 ; Rise       ; Clk             ;
;  Qn[1]    ; Clk        ; 6.474 ; 6.432 ; Rise       ; Clk             ;
; Qn1[*]    ; Clk        ; 5.788 ; 5.852 ; Rise       ; Clk             ;
;  Qn1[0]   ; Clk        ; 5.802 ; 5.892 ; Rise       ; Clk             ;
;  Qn1[1]   ; Clk        ; 5.788 ; 5.852 ; Rise       ; Clk             ;
; z         ; Clk        ; 6.704 ; 6.666 ; Rise       ; Clk             ;
+-----------+------------+-------+-------+------------+-----------------+


+----------------------------------------------------------+
; Propagation Delay                                        ;
+------------+-------------+-------+-------+-------+-------+
; Input Port ; Output Port ; RR    ; RF    ; FR    ; FF    ;
+------------+-------------+-------+-------+-------+-------+
; Reset      ; Qn[0]       ;       ; 7.105 ; 7.488 ;       ;
; Reset      ; Qn[1]       ;       ; 7.286 ; 7.699 ;       ;
; Reset      ; Qn1[0]      ;       ; 6.337 ; 6.764 ;       ;
; Reset      ; Qn1[1]      ;       ; 6.352 ; 6.779 ;       ;
; Reset      ; z           ;       ; 7.530 ; 7.939 ;       ;
; W          ; Qn1[0]      ; 6.909 ; 6.882 ; 7.412 ; 7.376 ;
; W          ; Qn1[1]      ; 6.931 ;       ;       ; 7.395 ;
+------------+-------------+-------+-------+-------+-------+


+----------------------------------------------------------+
; Minimum Propagation Delay                                ;
+------------+-------------+-------+-------+-------+-------+
; Input Port ; Output Port ; RR    ; RF    ; FR    ; FF    ;
+------------+-------------+-------+-------+-------+-------+
; Reset      ; Qn[0]       ;       ; 6.926 ; 7.297 ;       ;
; Reset      ; Qn[1]       ;       ; 7.101 ; 7.501 ;       ;
; Reset      ; Qn1[0]      ;       ; 6.193 ; 6.609 ;       ;
; Reset      ; Qn1[1]      ;       ; 6.208 ; 6.624 ;       ;
; Reset      ; z           ;       ; 7.335 ; 7.731 ;       ;
; W          ; Qn1[0]      ; 6.742 ; 6.716 ; 7.233 ; 7.198 ;
; W          ; Qn1[1]      ; 6.764 ;       ;       ; 7.215 ;
+------------+-------------+-------+-------+-------+-------+


+------------------------------------------------------------------------------------------------------------+
; Slow 1200mV 0C Model Fmax Summary                                                                          ;
+-------------+-----------------+------------+---------------------------------------------------------------+
; Fmax        ; Restricted Fmax ; Clock Name ; Note                                                          ;
+-------------+-----------------+------------+---------------------------------------------------------------+
; 1222.49 MHz ; 250.0 MHz       ; Clk        ; limit due to minimum period restriction (max I/O toggle rate) ;
+-------------+-----------------+------------+---------------------------------------------------------------+
This panel reports FMAX for every clock in the design, regardless of the user-specified clock periods.  FMAX is only computed for paths where the source and destination registers or ports are driven by the same clock.  Paths of different clocks, including generated clocks, are ignored.  For paths between a clock and its inversion, FMAX is computed as if the rising and falling edges are scaled along with FMAX, such that the duty cycle (in terms of a percentage) is maintained. Altera recommends that you always use clock constraints and other slack reports for sign-off analysis.


+------------------------------------+
; Slow 1200mV 0C Model Setup Summary ;
+-------+-------+--------------------+
; Clock ; Slack ; End Point TNS      ;
+-------+-------+--------------------+
; Clk   ; 0.182 ; 0.000              ;
+-------+-------+--------------------+


+-----------------------------------+
; Slow 1200mV 0C Model Hold Summary ;
+-------+-------+-------------------+
; Clock ; Slack ; End Point TNS     ;
+-------+-------+-------------------+
; Clk   ; 0.311 ; 0.000             ;
+-------+-------+-------------------+


-----------------------------------------
; Slow 1200mV 0C Model Recovery Summary ;
-----------------------------------------
No paths to report.


----------------------------------------
; Slow 1200mV 0C Model Removal Summary ;
----------------------------------------
No paths to report.


+--------------------------------------------------------------------------------------------------------------------+
; Slow 1200mV 0C Model Minimum Pulse Width                                                                           ;
+--------+--------------+----------------+-------+------------------+-------+------------+---------------------------+
; Slack  ; Actual Width ; Required Width ; CCPP  ; Type             ; Clock ; Clock Edge ; Target                    ;
+--------+--------------+----------------+-------+------------------+-------+------------+---------------------------+
; -3.000 ; 1.000        ; 4.000          ; 0.000 ; Port Rate        ; Clk   ; Rise       ; Clk                       ;
; -1.000 ; 1.000        ; 2.000          ; 0.000 ; Min Period       ; Clk   ; Rise       ; L0902:inst|fstate.A       ;
; -1.000 ; 1.000        ; 2.000          ; 0.000 ; Min Period       ; Clk   ; Rise       ; L0902:inst|fstate.B       ;
; -1.000 ; 1.000        ; 2.000          ; 0.000 ; Min Period       ; Clk   ; Rise       ; L0902:inst|fstate.C       ;
; -1.000 ; 1.000        ; 2.000          ; 0.000 ; Min Period       ; Clk   ; Rise       ; L0902:inst|fstate.D       ;
; 0.182  ; 0.293        ; 0.184          ; 0.073 ; Low Pulse Width  ; Clk   ; Rise       ; L0902:inst|fstate.A       ;
; 0.182  ; 0.293        ; 0.184          ; 0.073 ; Low Pulse Width  ; Clk   ; Rise       ; L0902:inst|fstate.B       ;
; 0.182  ; 0.293        ; 0.184          ; 0.073 ; Low Pulse Width  ; Clk   ; Rise       ; L0902:inst|fstate.C       ;
; 0.182  ; 0.293        ; 0.184          ; 0.073 ; Low Pulse Width  ; Clk   ; Rise       ; L0902:inst|fstate.D       ;
; 0.339  ; 0.339        ; 0.000          ; 0.000 ; Low Pulse Width  ; Clk   ; Rise       ; Clk~input|o               ;
; 0.342  ; 0.303        ; 0.000          ; 0.039 ; Low Pulse Width  ; Clk   ; Rise       ; inst|fstate.A|clk         ;
; 0.342  ; 0.303        ; 0.000          ; 0.039 ; Low Pulse Width  ; Clk   ; Rise       ; inst|fstate.B|clk         ;
; 0.342  ; 0.303        ; 0.000          ; 0.039 ; Low Pulse Width  ; Clk   ; Rise       ; inst|fstate.C|clk         ;
; 0.342  ; 0.303        ; 0.000          ; 0.039 ; Low Pulse Width  ; Clk   ; Rise       ; inst|fstate.D|clk         ;
; 0.348  ; 0.343        ; 0.000          ; 0.005 ; Low Pulse Width  ; Clk   ; Rise       ; Clk~inputclkctrl|inclk[0] ;
; 0.348  ; 0.343        ; 0.000          ; 0.005 ; Low Pulse Width  ; Clk   ; Rise       ; Clk~inputclkctrl|outclk   ;
; 0.416  ; 0.559        ; 0.216          ; 0.073 ; High Pulse Width ; Clk   ; Rise       ; L0902:inst|fstate.A       ;
; 0.416  ; 0.559        ; 0.216          ; 0.073 ; High Pulse Width ; Clk   ; Rise       ; L0902:inst|fstate.B       ;
; 0.416  ; 0.559        ; 0.216          ; 0.073 ; High Pulse Width ; Clk   ; Rise       ; L0902:inst|fstate.C       ;
; 0.416  ; 0.559        ; 0.216          ; 0.073 ; High Pulse Width ; Clk   ; Rise       ; L0902:inst|fstate.D       ;
; 0.500  ; 0.500        ; 0.000          ; 0.000 ; High Pulse Width ; Clk   ; Rise       ; Clk~input|i               ;
; 0.500  ; 0.500        ; 0.000          ; 0.000 ; Low Pulse Width  ; Clk   ; Rise       ; Clk~input|i               ;
; 0.651  ; 0.646        ; 0.000          ; 0.005 ; High Pulse Width ; Clk   ; Rise       ; Clk~inputclkctrl|inclk[0] ;
; 0.651  ; 0.646        ; 0.000          ; 0.005 ; High Pulse Width ; Clk   ; Rise       ; Clk~inputclkctrl|outclk   ;
; 0.656  ; 0.617        ; 0.000          ; 0.039 ; High Pulse Width ; Clk   ; Rise       ; inst|fstate.A|clk         ;
; 0.656  ; 0.617        ; 0.000          ; 0.039 ; High Pulse Width ; Clk   ; Rise       ; inst|fstate.B|clk         ;
; 0.656  ; 0.617        ; 0.000          ; 0.039 ; High Pulse Width ; Clk   ; Rise       ; inst|fstate.C|clk         ;
; 0.656  ; 0.617        ; 0.000          ; 0.039 ; High Pulse Width ; Clk   ; Rise       ; inst|fstate.D|clk         ;
; 0.661  ; 0.661        ; 0.000          ; 0.000 ; High Pulse Width ; Clk   ; Rise       ; Clk~input|o               ;
+--------+--------------+----------------+-------+------------------+-------+------------+---------------------------+


+-----------------------------------------------------------------------+
; Setup Times                                                           ;
+-----------+------------+-------+-------+------------+-----------------+
; Data Port ; Clock Port ; Rise  ; Fall  ; Clock Edge ; Clock Reference ;
+-----------+------------+-------+-------+------------+-----------------+
; Reset     ; Clk        ; 1.309 ; 1.646 ; Rise       ; Clk             ;
; W         ; Clk        ; 1.901 ; 2.336 ; Rise       ; Clk             ;
+-----------+------------+-------+-------+------------+-----------------+


+-------------------------------------------------------------------------+
; Hold Times                                                              ;
+-----------+------------+--------+--------+------------+-----------------+
; Data Port ; Clock Port ; Rise   ; Fall   ; Clock Edge ; Clock Reference ;
+-----------+------------+--------+--------+------------+-----------------+
; Reset     ; Clk        ; -0.817 ; -1.154 ; Rise       ; Clk             ;
; W         ; Clk        ; -1.509 ; -1.909 ; Rise       ; Clk             ;
+-----------+------------+--------+--------+------------+-----------------+


+-----------------------------------------------------------------------+
; Clock to Output Times                                                 ;
+-----------+------------+-------+-------+------------+-----------------+
; Data Port ; Clock Port ; Rise  ; Fall  ; Clock Edge ; Clock Reference ;
+-----------+------------+-------+-------+------------+-----------------+
; Qn[*]     ; Clk        ; 6.435 ; 6.587 ; Rise       ; Clk             ;
;  Qn[0]    ; Clk        ; 6.265 ; 6.260 ; Rise       ; Clk             ;
;  Qn[1]    ; Clk        ; 6.435 ; 6.587 ; Rise       ; Clk             ;
; Qn1[*]    ; Clk        ; 6.106 ; 6.152 ; Rise       ; Clk             ;
;  Qn1[0]   ; Clk        ; 6.104 ; 5.951 ; Rise       ; Clk             ;
;  Qn1[1]   ; Clk        ; 6.106 ; 6.152 ; Rise       ; Clk             ;
; z         ; Clk        ; 6.648 ; 6.815 ; Rise       ; Clk             ;
+-----------+------------+-------+-------+------------+-----------------+


+-----------------------------------------------------------------------+
; Minimum Clock to Output Times                                         ;
+-----------+------------+-------+-------+------------+-----------------+
; Data Port ; Clock Port ; Rise  ; Fall  ; Clock Edge ; Clock Reference ;
+-----------+------------+-------+-------+------------+-----------------+
; Qn[*]     ; Clk        ; 5.990 ; 6.100 ; Rise       ; Clk             ;
;  Qn[0]    ; Clk        ; 5.990 ; 6.100 ; Rise       ; Clk             ;
;  Qn[1]    ; Clk        ; 6.063 ; 6.103 ; Rise       ; Clk             ;
; Qn1[*]    ; Clk        ; 5.506 ; 5.529 ; Rise       ; Clk             ;
;  Qn1[0]   ; Clk        ; 5.512 ; 5.561 ; Rise       ; Clk             ;
;  Qn1[1]   ; Clk        ; 5.506 ; 5.529 ; Rise       ; Clk             ;
; z         ; Clk        ; 6.267 ; 6.321 ; Rise       ; Clk             ;
+-----------+------------+-------+-------+------------+-----------------+


+----------------------------------------------------------+
; Propagation Delay                                        ;
+------------+-------------+-------+-------+-------+-------+
; Input Port ; Output Port ; RR    ; RF    ; FR    ; FF    ;
+------------+-------------+-------+-------+-------+-------+
; Reset      ; Qn[0]       ;       ; 6.592 ; 6.865 ;       ;
; Reset      ; Qn[1]       ;       ; 6.776 ; 7.050 ;       ;
; Reset      ; Qn1[0]      ;       ; 5.872 ; 6.262 ;       ;
; Reset      ; Qn1[1]      ;       ; 5.889 ; 6.280 ;       ;
; Reset      ; z           ;       ; 7.004 ; 7.263 ;       ;
; W          ; Qn1[0]      ; 6.427 ; 6.375 ; 6.852 ; 6.792 ;
; W          ; Qn1[1]      ; 6.452 ;       ;       ; 6.811 ;
+------------+-------------+-------+-------+-------+-------+


+----------------------------------------------------------+
; Minimum Propagation Delay                                ;
+------------+-------------+-------+-------+-------+-------+
; Input Port ; Output Port ; RR    ; RF    ; FR    ; FF    ;
+------------+-------------+-------+-------+-------+-------+
; Reset      ; Qn[0]       ;       ; 6.437 ; 6.702 ;       ;
; Reset      ; Qn[1]       ;       ; 6.614 ; 6.880 ;       ;
; Reset      ; Qn1[0]      ;       ; 5.749 ; 6.131 ;       ;
; Reset      ; Qn1[1]      ;       ; 5.766 ; 6.148 ;       ;
; Reset      ; z           ;       ; 6.832 ; 7.084 ;       ;
; W          ; Qn1[0]      ; 6.284 ; 6.232 ; 6.697 ; 6.639 ;
; W          ; Qn1[1]      ; 6.308 ;       ;       ; 6.659 ;
+------------+-------------+-------+-------+-------+-------+


+------------------------------------+
; Fast 1200mV 0C Model Setup Summary ;
+-------+-------+--------------------+
; Clock ; Slack ; End Point TNS      ;
+-------+-------+--------------------+
; Clk   ; 0.497 ; 0.000              ;
+-------+-------+--------------------+


+-----------------------------------+
; Fast 1200mV 0C Model Hold Summary ;
+-------+-------+-------------------+
; Clock ; Slack ; End Point TNS     ;
+-------+-------+-------------------+
; Clk   ; 0.187 ; 0.000             ;
+-------+-------+-------------------+


-----------------------------------------
; Fast 1200mV 0C Model Recovery Summary ;
-----------------------------------------
No paths to report.


----------------------------------------
; Fast 1200mV 0C Model Removal Summary ;
----------------------------------------
No paths to report.


+--------------------------------------------------------------------------------------------------------------------+
; Fast 1200mV 0C Model Minimum Pulse Width                                                                           ;
+--------+--------------+----------------+-------+------------------+-------+------------+---------------------------+
; Slack  ; Actual Width ; Required Width ; CCPP  ; Type             ; Clock ; Clock Edge ; Target                    ;
+--------+--------------+----------------+-------+------------------+-------+------------+---------------------------+
; -3.000 ; 1.000        ; 4.000          ; 0.000 ; Port Rate        ; Clk   ; Rise       ; Clk                       ;
; -1.000 ; 1.000        ; 2.000          ; 0.000 ; Min Period       ; Clk   ; Rise       ; L0902:inst|fstate.A       ;
; -1.000 ; 1.000        ; 2.000          ; 0.000 ; Min Period       ; Clk   ; Rise       ; L0902:inst|fstate.B       ;
; -1.000 ; 1.000        ; 2.000          ; 0.000 ; Min Period       ; Clk   ; Rise       ; L0902:inst|fstate.C       ;
; -1.000 ; 1.000        ; 2.000          ; 0.000 ; Min Period       ; Clk   ; Rise       ; L0902:inst|fstate.D       ;
; -0.056 ; 0.078        ; 0.184          ; 0.050 ; Low Pulse Width  ; Clk   ; Rise       ; L0902:inst|fstate.A       ;
; -0.056 ; 0.078        ; 0.184          ; 0.050 ; Low Pulse Width  ; Clk   ; Rise       ; L0902:inst|fstate.B       ;
; -0.056 ; 0.078        ; 0.184          ; 0.050 ; Low Pulse Width  ; Clk   ; Rise       ; L0902:inst|fstate.C       ;
; -0.056 ; 0.078        ; 0.184          ; 0.050 ; Low Pulse Width  ; Clk   ; Rise       ; L0902:inst|fstate.D       ;
; 0.118  ; 0.118        ; 0.000          ; 0.000 ; Low Pulse Width  ; Clk   ; Rise       ; Clk~input|o               ;
; 0.123  ; 0.096        ; 0.000          ; 0.027 ; Low Pulse Width  ; Clk   ; Rise       ; inst|fstate.A|clk         ;
; 0.123  ; 0.096        ; 0.000          ; 0.027 ; Low Pulse Width  ; Clk   ; Rise       ; inst|fstate.B|clk         ;
; 0.123  ; 0.096        ; 0.000          ; 0.027 ; Low Pulse Width  ; Clk   ; Rise       ; inst|fstate.C|clk         ;
; 0.123  ; 0.096        ; 0.000          ; 0.027 ; Low Pulse Width  ; Clk   ; Rise       ; inst|fstate.D|clk         ;
; 0.132  ; 0.129        ; 0.000          ; 0.003 ; Low Pulse Width  ; Clk   ; Rise       ; Clk~inputclkctrl|inclk[0] ;
; 0.132  ; 0.129        ; 0.000          ; 0.003 ; Low Pulse Width  ; Clk   ; Rise       ; Clk~inputclkctrl|outclk   ;
; 0.500  ; 0.500        ; 0.000          ; 0.000 ; High Pulse Width ; Clk   ; Rise       ; Clk~input|i               ;
; 0.500  ; 0.500        ; 0.000          ; 0.000 ; Low Pulse Width  ; Clk   ; Rise       ; Clk~input|i               ;
; 0.655  ; 0.821        ; 0.216          ; 0.050 ; High Pulse Width ; Clk   ; Rise       ; L0902:inst|fstate.A       ;
; 0.655  ; 0.821        ; 0.216          ; 0.050 ; High Pulse Width ; Clk   ; Rise       ; L0902:inst|fstate.B       ;
; 0.655  ; 0.821        ; 0.216          ; 0.050 ; High Pulse Width ; Clk   ; Rise       ; L0902:inst|fstate.C       ;
; 0.655  ; 0.821        ; 0.216          ; 0.050 ; High Pulse Width ; Clk   ; Rise       ; L0902:inst|fstate.D       ;
; 0.867  ; 0.864        ; 0.000          ; 0.003 ; High Pulse Width ; Clk   ; Rise       ; Clk~inputclkctrl|inclk[0] ;
; 0.867  ; 0.864        ; 0.000          ; 0.003 ; High Pulse Width ; Clk   ; Rise       ; Clk~inputclkctrl|outclk   ;
; 0.876  ; 0.849        ; 0.000          ; 0.027 ; High Pulse Width ; Clk   ; Rise       ; inst|fstate.A|clk         ;
; 0.876  ; 0.849        ; 0.000          ; 0.027 ; High Pulse Width ; Clk   ; Rise       ; inst|fstate.B|clk         ;
; 0.876  ; 0.849        ; 0.000          ; 0.027 ; High Pulse Width ; Clk   ; Rise       ; inst|fstate.C|clk         ;
; 0.876  ; 0.849        ; 0.000          ; 0.027 ; High Pulse Width ; Clk   ; Rise       ; inst|fstate.D|clk         ;
; 0.882  ; 0.882        ; 0.000          ; 0.000 ; High Pulse Width ; Clk   ; Rise       ; Clk~input|o               ;
+--------+--------------+----------------+-------+------------------+-------+------------+---------------------------+


+-----------------------------------------------------------------------+
; Setup Times                                                           ;
+-----------+------------+-------+-------+------------+-----------------+
; Data Port ; Clock Port ; Rise  ; Fall  ; Clock Edge ; Clock Reference ;
+-----------+------------+-------+-------+------------+-----------------+
; Reset     ; Clk        ; 0.850 ; 1.409 ; Rise       ; Clk             ;
; W         ; Clk        ; 1.227 ; 1.929 ; Rise       ; Clk             ;
+-----------+------------+-------+-------+------------+-----------------+


+-------------------------------------------------------------------------+
; Hold Times                                                              ;
+-----------+------------+--------+--------+------------+-----------------+
; Data Port ; Clock Port ; Rise   ; Fall   ; Clock Edge ; Clock Reference ;
+-----------+------------+--------+--------+------------+-----------------+
; Reset     ; Clk        ; -0.532 ; -1.076 ; Rise       ; Clk             ;
; W         ; Clk        ; -0.982 ; -1.643 ; Rise       ; Clk             ;
+-----------+------------+--------+--------+------------+-----------------+


+-----------------------------------------------------------------------+
; Clock to Output Times                                                 ;
+-----------+------------+-------+-------+------------+-----------------+
; Data Port ; Clock Port ; Rise  ; Fall  ; Clock Edge ; Clock Reference ;
+-----------+------------+-------+-------+------------+-----------------+
; Qn[*]     ; Clk        ; 4.144 ; 4.100 ; Rise       ; Clk             ;
;  Qn[0]    ; Clk        ; 4.056 ; 3.925 ; Rise       ; Clk             ;
;  Qn[1]    ; Clk        ; 4.144 ; 4.100 ; Rise       ; Clk             ;
; Qn1[*]    ; Clk        ; 3.861 ; 3.927 ; Rise       ; Clk             ;
;  Qn1[0]   ; Clk        ; 3.861 ; 3.779 ; Rise       ; Clk             ;
;  Qn1[1]   ; Clk        ; 3.838 ; 3.927 ; Rise       ; Clk             ;
; z         ; Clk        ; 4.287 ; 4.217 ; Rise       ; Clk             ;
+-----------+------------+-------+-------+------------+-----------------+


+-----------------------------------------------------------------------+
; Minimum Clock to Output Times                                         ;
+-----------+------------+-------+-------+------------+-----------------+
; Data Port ; Clock Port ; Rise  ; Fall  ; Clock Edge ; Clock Reference ;
+-----------+------------+-------+-------+------------+-----------------+
; Qn[*]     ; Clk        ; 3.852 ; 3.775 ; Rise       ; Clk             ;
;  Qn[0]    ; Clk        ; 3.852 ; 3.818 ; Rise       ; Clk             ;
;  Qn[1]    ; Clk        ; 3.911 ; 3.775 ; Rise       ; Clk             ;
; Qn1[*]    ; Clk        ; 3.481 ; 3.537 ; Rise       ; Clk             ;
;  Qn1[0]   ; Clk        ; 3.481 ; 3.551 ; Rise       ; Clk             ;
;  Qn1[1]   ; Clk        ; 3.481 ; 3.537 ; Rise       ; Clk             ;
; z         ; Clk        ; 4.048 ; 3.887 ; Rise       ; Clk             ;
+-----------+------------+-------+-------+------------+-----------------+


+----------------------------------------------------------+
; Propagation Delay                                        ;
+------------+-------------+-------+-------+-------+-------+
; Input Port ; Output Port ; RR    ; RF    ; FR    ; FF    ;
+------------+-------------+-------+-------+-------+-------+
; Reset      ; Qn[0]       ;       ; 4.167 ; 4.803 ;       ;
; Reset      ; Qn[1]       ;       ; 4.238 ; 4.911 ;       ;
; Reset      ; Qn1[0]      ;       ; 3.786 ; 4.329 ;       ;
; Reset      ; Qn1[1]      ;       ; 3.796 ; 4.342 ;       ;
; Reset      ; z           ;       ; 4.355 ; 5.054 ;       ;
; W          ; Qn1[0]      ; 4.113 ; 4.123 ; 4.789 ; 4.792 ;
; W          ; Qn1[1]      ; 4.129 ;       ;       ; 4.805 ;
+------------+-------------+-------+-------+-------+-------+


+----------------------------------------------------------+
; Minimum Propagation Delay                                ;
+------------+-------------+-------+-------+-------+-------+
; Input Port ; Output Port ; RR    ; RF    ; FR    ; FF    ;
+------------+-------------+-------+-------+-------+-------+
; Reset      ; Qn[0]       ;       ; 4.063 ; 4.690 ;       ;
; Reset      ; Qn[1]       ;       ; 4.132 ; 4.794 ;       ;
; Reset      ; Qn1[0]      ;       ; 3.701 ; 4.241 ;       ;
; Reset      ; Qn1[1]      ;       ; 3.712 ; 4.252 ;       ;
; Reset      ; z           ;       ; 4.244 ; 4.931 ;       ;
; W          ; Qn1[0]      ; 4.020 ; 4.029 ; 4.684 ; 4.686 ;
; W          ; Qn1[1]      ; 4.035 ;       ;       ; 4.700 ;
+------------+-------------+-------+-------+-------+-------+


+-----------------------------------------------------------------------------+
; Multicorner Timing Analysis Summary                                         ;
+------------------+-------+-------+----------+---------+---------------------+
; Clock            ; Setup ; Hold  ; Recovery ; Removal ; Minimum Pulse Width ;
+------------------+-------+-------+----------+---------+---------------------+
; Worst-case Slack ; 0.0   ; 0.0   ; 0.0      ; 0.0     ; -3.000              ;
;  Clk             ; 0.083 ; 0.187 ; N/A      ; N/A     ; N/A                 ;
; Design-wide TNS  ; 0.0   ; 0.0   ; 0.0      ; 0.0     ; N/A                 ;
;  Clk             ; 0.000 ; 0.000 ; N/A      ; N/A     ; N/A                 ;
+------------------+-------+-------+----------+---------+---------------------+


+-----------------------------------------------------------------------+
; Setup Times                                                           ;
+-----------+------------+-------+-------+------------+-----------------+
; Data Port ; Clock Port ; Rise  ; Fall  ; Clock Edge ; Clock Reference ;
+-----------+------------+-------+-------+------------+-----------------+
; Reset     ; Clk        ; 1.572 ; 1.968 ; Rise       ; Clk             ;
; W         ; Clk        ; 2.202 ; 2.733 ; Rise       ; Clk             ;
+-----------+------------+-------+-------+------------+-----------------+


+-------------------------------------------------------------------------+
; Hold Times                                                              ;
+-----------+------------+--------+--------+------------+-----------------+
; Data Port ; Clock Port ; Rise   ; Fall   ; Clock Edge ; Clock Reference ;
+-----------+------------+--------+--------+------------+-----------------+
; Reset     ; Clk        ; -0.532 ; -1.076 ; Rise       ; Clk             ;
; W         ; Clk        ; -0.982 ; -1.643 ; Rise       ; Clk             ;
+-----------+------------+--------+--------+------------+-----------------+


+-----------------------------------------------------------------------+
; Clock to Output Times                                                 ;
+-----------+------------+-------+-------+------------+-----------------+
; Data Port ; Clock Port ; Rise  ; Fall  ; Clock Edge ; Clock Reference ;
+-----------+------------+-------+-------+------------+-----------------+
; Qn[*]     ; Clk        ; 6.890 ; 6.983 ; Rise       ; Clk             ;
;  Qn[0]    ; Clk        ; 6.700 ; 6.630 ; Rise       ; Clk             ;
;  Qn[1]    ; Clk        ; 6.890 ; 6.983 ; Rise       ; Clk             ;
; Qn1[*]    ; Clk        ; 6.470 ; 6.555 ; Rise       ; Clk             ;
;  Qn1[0]   ; Clk        ; 6.470 ; 6.319 ; Rise       ; Clk             ;
;  Qn1[1]   ; Clk        ; 6.450 ; 6.555 ; Rise       ; Clk             ;
; z         ; Clk        ; 7.130 ; 7.227 ; Rise       ; Clk             ;
+-----------+------------+-------+-------+------------+-----------------+


+-----------------------------------------------------------------------+
; Minimum Clock to Output Times                                         ;
+-----------+------------+-------+-------+------------+-----------------+
; Data Port ; Clock Port ; Rise  ; Fall  ; Clock Edge ; Clock Reference ;
+-----------+------------+-------+-------+------------+-----------------+
; Qn[*]     ; Clk        ; 3.852 ; 3.775 ; Rise       ; Clk             ;
;  Qn[0]    ; Clk        ; 3.852 ; 3.818 ; Rise       ; Clk             ;
;  Qn[1]    ; Clk        ; 3.911 ; 3.775 ; Rise       ; Clk             ;
; Qn1[*]    ; Clk        ; 3.481 ; 3.537 ; Rise       ; Clk             ;
;  Qn1[0]   ; Clk        ; 3.481 ; 3.551 ; Rise       ; Clk             ;
;  Qn1[1]   ; Clk        ; 3.481 ; 3.537 ; Rise       ; Clk             ;
; z         ; Clk        ; 4.048 ; 3.887 ; Rise       ; Clk             ;
+-----------+------------+-------+-------+------------+-----------------+


+----------------------------------------------------------+
; Progagation Delay                                        ;
+------------+-------------+-------+-------+-------+-------+
; Input Port ; Output Port ; RR    ; RF    ; FR    ; FF    ;
+------------+-------------+-------+-------+-------+-------+
; Reset      ; Qn[0]       ;       ; 7.105 ; 7.488 ;       ;
; Reset      ; Qn[1]       ;       ; 7.286 ; 7.699 ;       ;
; Reset      ; Qn1[0]      ;       ; 6.337 ; 6.764 ;       ;
; Reset      ; Qn1[1]      ;       ; 6.352 ; 6.779 ;       ;
; Reset      ; z           ;       ; 7.530 ; 7.939 ;       ;
; W          ; Qn1[0]      ; 6.909 ; 6.882 ; 7.412 ; 7.376 ;
; W          ; Qn1[1]      ; 6.931 ;       ;       ; 7.395 ;
+------------+-------------+-------+-------+-------+-------+


+----------------------------------------------------------+
; Minimum Progagation Delay                                ;
+------------+-------------+-------+-------+-------+-------+
; Input Port ; Output Port ; RR    ; RF    ; FR    ; FF    ;
+------------+-------------+-------+-------+-------+-------+
; Reset      ; Qn[0]       ;       ; 4.063 ; 4.690 ;       ;
; Reset      ; Qn[1]       ;       ; 4.132 ; 4.794 ;       ;
; Reset      ; Qn1[0]      ;       ; 3.701 ; 4.241 ;       ;
; Reset      ; Qn1[1]      ;       ; 3.712 ; 4.252 ;       ;
; Reset      ; z           ;       ; 4.244 ; 4.931 ;       ;
; W          ; Qn1[0]      ; 4.020 ; 4.029 ; 4.684 ; 4.686 ;
; W          ; Qn1[1]      ; 4.035 ;       ;       ; 4.700 ;
+------------+-------------+-------+-------+-------+-------+


+------------------------------------------------------------------------------------------------------------------------------------------------------------------------------------------------------------------------------------------------------------------------------------------------------------------------------------------------------------------+
; Board Trace Model Assignments                                                                                                                                                                                                                                                                                                                                    ;
+---------------+--------------+-------------------+-------------------------+-------------------------+---------------+---------------------+----------------+------------------+--------+------------------+------------------------+------------------------+--------------+---------------+-----------------+-------+---------------------+--------------------+
; Pin           ; I/O Standard ; Near Tline Length ; Near Tline L per Length ; Near Tline C per Length ; Near Series R ; Near Differential R ; Near Pull-up R ; Near Pull-down R ; Near C ; Far Tline Length ; Far Tline L per Length ; Far Tline C per Length ; Far Series R ; Far Pull-up R ; Far Pull-down R ; Far C ; Termination Voltage ; Far Differential R ;
+---------------+--------------+-------------------+-------------------------+-------------------------+---------------+---------------------+----------------+------------------+--------+------------------+------------------------+------------------------+--------------+---------------+-----------------+-------+---------------------+--------------------+
; z             ; 2.5 V        ; 0 in              ; 0 H/in                  ; 0 F/in                  ; short         ; -                   ; open           ; open             ; open   ; 0 in             ; 0 H/in                 ; 0 F/in                 ; short        ; open          ; open            ; open  ; 0 V                 ; -                  ;
; Qn[1]         ; 2.5 V        ; 0 in              ; 0 H/in                  ; 0 F/in                  ; short         ; -                   ; open           ; open             ; open   ; 0 in             ; 0 H/in                 ; 0 F/in                 ; short        ; open          ; open            ; open  ; 0 V                 ; -                  ;
; Qn[0]         ; 2.5 V        ; 0 in              ; 0 H/in                  ; 0 F/in                  ; short         ; -                   ; open           ; open             ; open   ; 0 in             ; 0 H/in                 ; 0 F/in                 ; short        ; open          ; open            ; open  ; 0 V                 ; -                  ;
; Qn1[1]        ; 2.5 V        ; 0 in              ; 0 H/in                  ; 0 F/in                  ; short         ; -                   ; open           ; open             ; open   ; 0 in             ; 0 H/in                 ; 0 F/in                 ; short        ; open          ; open            ; open  ; 0 V                 ; -                  ;
; Qn1[0]        ; 2.5 V        ; 0 in              ; 0 H/in                  ; 0 F/in                  ; short         ; -                   ; open           ; open             ; open   ; 0 in             ; 0 H/in                 ; 0 F/in                 ; short        ; open          ; open            ; open  ; 0 V                 ; -                  ;
; ~ALTERA_DCLK~ ; 2.5 V        ; 0 in              ; 0 H/in                  ; 0 F/in                  ; short         ; -                   ; open           ; open             ; open   ; 0 in             ; 0 H/in                 ; 0 F/in                 ; short        ; open          ; open            ; open  ; 0 V                 ; -                  ;
; ~ALTERA_nCEO~ ; 2.5 V        ; 0 in              ; 0 H/in                  ; 0 F/in                  ; short         ; -                   ; open           ; open             ; open   ; 0 in             ; 0 H/in                 ; 0 F/in                 ; short        ; open          ; open            ; open  ; 0 V                 ; -                  ;
+---------------+--------------+-------------------+-------------------------+-------------------------+---------------+---------------------+----------------+------------------+--------+------------------+------------------------+------------------------+--------------+---------------+-----------------+-------+---------------------+--------------------+


+----------------------------------------------------------------------------+
; Input Transition Times                                                     ;
+-------------------------+--------------+-----------------+-----------------+
; Pin                     ; I/O Standard ; 10-90 Rise Time ; 90-10 Fall Time ;
+-------------------------+--------------+-----------------+-----------------+
; Reset                   ; 2.5 V        ; 2000 ps         ; 2000 ps         ;
; W                       ; 2.5 V        ; 2000 ps         ; 2000 ps         ;
; Clk                     ; 2.5 V        ; 2000 ps         ; 2000 ps         ;
; ~ALTERA_ASDO_DATA1~     ; 2.5 V        ; 2000 ps         ; 2000 ps         ;
; ~ALTERA_FLASH_nCE_nCSO~ ; 2.5 V        ; 2000 ps         ; 2000 ps         ;
; ~ALTERA_DATA0~          ; 2.5 V        ; 2000 ps         ; 2000 ps         ;
+-------------------------+--------------+-----------------+-----------------+


+--------------------------------------------------------------------------------------------------------------------------------------------------------------------------------------------------------------------------------------------------------------------------------------------------------------------------------------------------------------------------------------------------------------------------------------------------------------------------------------------------------------------------------------------------------------------------------------------------------------------------------------------------------------------------------------------+
; Slow Corner Signal Integrity Metrics                                                                                                                                                                                                                                                                                                                                                                                                                                                                                                                                                                                                                                                       ;
+---------------+--------------+---------------------+---------------------+------------------------------+------------------------------+---------------------+---------------------+--------------------------------------+--------------------------------------+-----------------------------+-----------------------------+----------------------------+----------------------------+-----------------------------+-----------------------------+--------------------+--------------------+-------------------------------------+-------------------------------------+----------------------------+----------------------------+---------------------------+---------------------------+
; Pin           ; I/O Standard ; Board Delay on Rise ; Board Delay on Fall ; Steady State Voh at FPGA Pin ; Steady State Vol at FPGA Pin ; Voh Max at FPGA Pin ; Vol Min at FPGA Pin ; Ringback Voltage on Rise at FPGA Pin ; Ringback Voltage on Fall at FPGA Pin ; 10-90 Rise Time at FPGA Pin ; 90-10 Fall Time at FPGA Pin ; Monotonic Rise at FPGA Pin ; Monotonic Fall at FPGA Pin ; Steady State Voh at Far-end ; Steady State Vol at Far-end ; Voh Max at Far-end ; Vol Min at Far-end ; Ringback Voltage on Rise at Far-end ; Ringback Voltage on Fall at Far-end ; 10-90 Rise Time at Far-end ; 90-10 Fall Time at Far-end ; Monotonic Rise at Far-end ; Monotonic Fall at Far-end ;
+---------------+--------------+---------------------+---------------------+------------------------------+------------------------------+---------------------+---------------------+--------------------------------------+--------------------------------------+-----------------------------+-----------------------------+----------------------------+----------------------------+-----------------------------+-----------------------------+--------------------+--------------------+-------------------------------------+-------------------------------------+----------------------------+----------------------------+---------------------------+---------------------------+
; z             ; 2.5 V        ; 0 s                 ; 0 s                 ; 2.32 V                       ; 1.08e-006 V                  ; 2.36 V              ; -0.0108 V           ; 0.122 V                              ; 0.021 V                              ; 4.5e-010 s                  ; 4.45e-010 s                 ; Yes                        ; Yes                        ; 2.32 V                      ; 1.08e-006 V                 ; 2.36 V             ; -0.0108 V          ; 0.122 V                             ; 0.021 V                             ; 4.5e-010 s                 ; 4.45e-010 s                ; Yes                       ; Yes                       ;
; Qn[1]         ; 2.5 V        ; 0 s                 ; 0 s                 ; 2.32 V                       ; 1.08e-006 V                  ; 2.36 V              ; -0.0108 V           ; 0.122 V                              ; 0.021 V                              ; 4.5e-010 s                  ; 4.45e-010 s                 ; Yes                        ; Yes                        ; 2.32 V                      ; 1.08e-006 V                 ; 2.36 V             ; -0.0108 V          ; 0.122 V                             ; 0.021 V                             ; 4.5e-010 s                 ; 4.45e-010 s                ; Yes                       ; Yes                       ;
; Qn[0]         ; 2.5 V        ; 0 s                 ; 0 s                 ; 2.32 V                       ; 1.08e-006 V                  ; 2.36 V              ; -0.0108 V           ; 0.122 V                              ; 0.021 V                              ; 4.5e-010 s                  ; 4.45e-010 s                 ; Yes                        ; Yes                        ; 2.32 V                      ; 1.08e-006 V                 ; 2.36 V             ; -0.0108 V          ; 0.122 V                             ; 0.021 V                             ; 4.5e-010 s                 ; 4.45e-010 s                ; Yes                       ; Yes                       ;
; Qn1[1]        ; 2.5 V        ; 0 s                 ; 0 s                 ; 2.32 V                       ; 7.26e-007 V                  ; 2.35 V              ; -0.011 V            ; 0.113 V                              ; 0.035 V                              ; 7.76e-010 s                 ; 8.05e-010 s                 ; Yes                        ; Yes                        ; 2.32 V                      ; 7.26e-007 V                 ; 2.35 V             ; -0.011 V           ; 0.113 V                             ; 0.035 V                             ; 7.76e-010 s                ; 8.05e-010 s                ; Yes                       ; Yes                       ;
; Qn1[0]        ; 2.5 V        ; 0 s                 ; 0 s                 ; 2.32 V                       ; 7.26e-007 V                  ; 2.35 V              ; -0.011 V            ; 0.113 V                              ; 0.035 V                              ; 7.76e-010 s                 ; 8.05e-010 s                 ; Yes                        ; Yes                        ; 2.32 V                      ; 7.26e-007 V                 ; 2.35 V             ; -0.011 V           ; 0.113 V                             ; 0.035 V                             ; 7.76e-010 s                ; 8.05e-010 s                ; Yes                       ; Yes                       ;
; ~ALTERA_DCLK~ ; 2.5 V        ; 0 s                 ; 0 s                 ; 2.32 V                       ; 5.68e-007 V                  ; 2.35 V              ; -0.0132 V           ; 0.2 V                                ; 0.027 V                              ; 5.26e-010 s                 ; 4.81e-010 s                 ; Yes                        ; Yes                        ; 2.32 V                      ; 5.68e-007 V                 ; 2.35 V             ; -0.0132 V          ; 0.2 V                               ; 0.027 V                             ; 5.26e-010 s                ; 4.81e-010 s                ; Yes                       ; Yes                       ;
; ~ALTERA_nCEO~ ; 2.5 V        ; 0 s                 ; 0 s                 ; 2.32 V                       ; 9.36e-007 V                  ; 2.35 V              ; -0.00483 V          ; 0.18 V                               ; 0.019 V                              ; 7.23e-010 s                 ; 9.82e-010 s                 ; Yes                        ; Yes                        ; 2.32 V                      ; 9.36e-007 V                 ; 2.35 V             ; -0.00483 V         ; 0.18 V                              ; 0.019 V                             ; 7.23e-010 s                ; 9.82e-010 s                ; Yes                       ; Yes                       ;
+---------------+--------------+---------------------+---------------------+------------------------------+------------------------------+---------------------+---------------------+--------------------------------------+--------------------------------------+-----------------------------+-----------------------------+----------------------------+----------------------------+-----------------------------+-----------------------------+--------------------+--------------------+-------------------------------------+-------------------------------------+----------------------------+----------------------------+---------------------------+---------------------------+


+--------------------------------------------------------------------------------------------------------------------------------------------------------------------------------------------------------------------------------------------------------------------------------------------------------------------------------------------------------------------------------------------------------------------------------------------------------------------------------------------------------------------------------------------------------------------------------------------------------------------------------------------------------------------------------------------+
; Fast Corner Signal Integrity Metrics                                                                                                                                                                                                                                                                                                                                                                                                                                                                                                                                                                                                                                                       ;
+---------------+--------------+---------------------+---------------------+------------------------------+------------------------------+---------------------+---------------------+--------------------------------------+--------------------------------------+-----------------------------+-----------------------------+----------------------------+----------------------------+-----------------------------+-----------------------------+--------------------+--------------------+-------------------------------------+-------------------------------------+----------------------------+----------------------------+---------------------------+---------------------------+
; Pin           ; I/O Standard ; Board Delay on Rise ; Board Delay on Fall ; Steady State Voh at FPGA Pin ; Steady State Vol at FPGA Pin ; Voh Max at FPGA Pin ; Vol Min at FPGA Pin ; Ringback Voltage on Rise at FPGA Pin ; Ringback Voltage on Fall at FPGA Pin ; 10-90 Rise Time at FPGA Pin ; 90-10 Fall Time at FPGA Pin ; Monotonic Rise at FPGA Pin ; Monotonic Fall at FPGA Pin ; Steady State Voh at Far-end ; Steady State Vol at Far-end ; Voh Max at Far-end ; Vol Min at Far-end ; Ringback Voltage on Rise at Far-end ; Ringback Voltage on Fall at Far-end ; 10-90 Rise Time at Far-end ; 90-10 Fall Time at Far-end ; Monotonic Rise at Far-end ; Monotonic Fall at Far-end ;
+---------------+--------------+---------------------+---------------------+------------------------------+------------------------------+---------------------+---------------------+--------------------------------------+--------------------------------------+-----------------------------+-----------------------------+----------------------------+----------------------------+-----------------------------+-----------------------------+--------------------+--------------------+-------------------------------------+-------------------------------------+----------------------------+----------------------------+---------------------------+---------------------------+
; z             ; 2.5 V        ; 0 s                 ; 0 s                 ; 2.62 V                       ; 4.11e-008 V                  ; 2.73 V              ; -0.0561 V           ; 0.191 V                              ; 0.122 V                              ; 2.69e-010 s                 ; 2.76e-010 s                 ; Yes                        ; Yes                        ; 2.62 V                      ; 4.11e-008 V                 ; 2.73 V             ; -0.0561 V          ; 0.191 V                             ; 0.122 V                             ; 2.69e-010 s                ; 2.76e-010 s                ; Yes                       ; Yes                       ;
; Qn[1]         ; 2.5 V        ; 0 s                 ; 0 s                 ; 2.62 V                       ; 4.11e-008 V                  ; 2.73 V              ; -0.0561 V           ; 0.191 V                              ; 0.122 V                              ; 2.69e-010 s                 ; 2.76e-010 s                 ; Yes                        ; Yes                        ; 2.62 V                      ; 4.11e-008 V                 ; 2.73 V             ; -0.0561 V          ; 0.191 V                             ; 0.122 V                             ; 2.69e-010 s                ; 2.76e-010 s                ; Yes                       ; Yes                       ;
; Qn[0]         ; 2.5 V        ; 0 s                 ; 0 s                 ; 2.62 V                       ; 4.11e-008 V                  ; 2.73 V              ; -0.0561 V           ; 0.191 V                              ; 0.122 V                              ; 2.69e-010 s                 ; 2.76e-010 s                 ; Yes                        ; Yes                        ; 2.62 V                      ; 4.11e-008 V                 ; 2.73 V             ; -0.0561 V          ; 0.191 V                             ; 0.122 V                             ; 2.69e-010 s                ; 2.76e-010 s                ; Yes                       ; Yes                       ;
; Qn1[1]        ; 2.5 V        ; 0 s                 ; 0 s                 ; 2.62 V                       ; 2.78e-008 V                  ; 2.71 V              ; -0.0343 V           ; 0.253 V                              ; 0.066 V                              ; 4.96e-010 s                 ; 5.19e-010 s                 ; No                         ; Yes                        ; 2.62 V                      ; 2.78e-008 V                 ; 2.71 V             ; -0.0343 V          ; 0.253 V                             ; 0.066 V                             ; 4.96e-010 s                ; 5.19e-010 s                ; No                        ; Yes                       ;
; Qn1[0]        ; 2.5 V        ; 0 s                 ; 0 s                 ; 2.62 V                       ; 2.78e-008 V                  ; 2.71 V              ; -0.0343 V           ; 0.253 V                              ; 0.066 V                              ; 4.96e-010 s                 ; 5.19e-010 s                 ; No                         ; Yes                        ; 2.62 V                      ; 2.78e-008 V                 ; 2.71 V             ; -0.0343 V          ; 0.253 V                             ; 0.066 V                             ; 4.96e-010 s                ; 5.19e-010 s                ; No                        ; Yes                       ;
; ~ALTERA_DCLK~ ; 2.5 V        ; 0 s                 ; 0 s                 ; 2.62 V                       ; 2.19e-008 V                  ; 2.72 V              ; -0.0746 V           ; 0.28 V                               ; 0.169 V                              ; 3.1e-010 s                  ; 3.01e-010 s                 ; No                         ; Yes                        ; 2.62 V                      ; 2.19e-008 V                 ; 2.72 V             ; -0.0746 V          ; 0.28 V                              ; 0.169 V                             ; 3.1e-010 s                 ; 3.01e-010 s                ; No                        ; Yes                       ;
; ~ALTERA_nCEO~ ; 2.5 V        ; 0 s                 ; 0 s                 ; 2.62 V                       ; 3.53e-008 V                  ; 2.7 V               ; -0.021 V            ; 0.204 V                              ; 0.048 V                              ; 4.85e-010 s                 ; 6.74e-010 s                 ; No                         ; Yes                        ; 2.62 V                      ; 3.53e-008 V                 ; 2.7 V              ; -0.021 V           ; 0.204 V                             ; 0.048 V                             ; 4.85e-010 s                ; 6.74e-010 s                ; No                        ; Yes                       ;
+---------------+--------------+---------------------+---------------------+------------------------------+------------------------------+---------------------+---------------------+--------------------------------------+--------------------------------------+-----------------------------+-----------------------------+----------------------------+----------------------------+-----------------------------+-----------------------------+--------------------+--------------------+-------------------------------------+-------------------------------------+----------------------------+----------------------------+---------------------------+---------------------------+


+-------------------------------------------------------------------+
; Setup Transfers                                                   ;
+------------+----------+----------+----------+----------+----------+
; From Clock ; To Clock ; RR Paths ; FR Paths ; RF Paths ; FF Paths ;
+------------+----------+----------+----------+----------+----------+
; Clk        ; Clk      ; 6        ; 0        ; 0        ; 0        ;
+------------+----------+----------+----------+----------+----------+
Entries labeled "false path" only account for clock-to-clock false paths and not path-based false paths. As a result, actual path counts may be lower than reported.


+-------------------------------------------------------------------+
; Hold Transfers                                                    ;
+------------+----------+----------+----------+----------+----------+
; From Clock ; To Clock ; RR Paths ; FR Paths ; RF Paths ; FF Paths ;
+------------+----------+----------+----------+----------+----------+
; Clk        ; Clk      ; 6        ; 0        ; 0        ; 0        ;
+------------+----------+----------+----------+----------+----------+
Entries labeled "false path" only account for clock-to-clock false paths and not path-based false paths. As a result, actual path counts may be lower than reported.


---------------
; Report TCCS ;
---------------
No dedicated SERDES Transmitter circuitry present in device or used in design.


---------------
; Report RSKM ;
---------------
No dedicated SERDES Receiver circuitry present in device or used in design.


+------------------------------------------------+
; Unconstrained Paths                            ;
+---------------------------------+-------+------+
; Property                        ; Setup ; Hold ;
+---------------------------------+-------+------+
; Illegal Clocks                  ; 0     ; 0    ;
; Unconstrained Clocks            ; 0     ; 0    ;
; Unconstrained Input Ports       ; 2     ; 2    ;
; Unconstrained Input Port Paths  ; 15    ; 15   ;
; Unconstrained Output Ports      ; 5     ; 5    ;
; Unconstrained Output Port Paths ; 19    ; 19   ;
+---------------------------------+-------+------+


+------------------------------------+
; TimeQuest Timing Analyzer Messages ;
+------------------------------------+
Info: *******************************************************************
Info: Running Quartus II TimeQuest Timing Analyzer
    Info: Version 9.0 Build 235 06/17/2009 Service Pack 2 SJ Web Edition
    Info: Processing started: Fri Sep 16 18:00:30 2022
Info: Command: quartus_sta L0902 -c L0902
Info: qsta_default_script.tcl version: #1
Info: Core supply voltage is 1.2V
Info: Low junction temperature is 0 degrees C
Info: High junction temperature is 85 degrees C
Critical Warning: Synopsys Design Constraints File file not found: 'L0902.sdc'. A Synopsys Design Constraints File is required by the TimeQuest Timing Analyzer to get proper timing constraints. Without it, the Compiler will not properly optimize the design.
Info: No user constrained base clocks found in the design. Calling "derive_clocks -period 1.0"
Info: Deriving Clocks
    Info: create_clock -period 1.000 -name Clk Clk
Critical Warning: The following clock transfers have no clock uncertainty assignment. For more accurate results, apply clock uncertainty assignments or use the derive_clock_uncertainty command.
    Critical Warning: From Clk (Rise) to Clk (Rise) (setup and hold)
Info: Analyzing Slow 1200mV 85C Model
Info: Worst-case setup slack is 0.083
    Info:     Slack End Point TNS Clock 
    Info: ========= ============= =====================
    Info:     0.083         0.000 Clk 
Info: Worst-case hold slack is 0.358
    Info:     Slack End Point TNS Clock 
    Info: ========= ============= =====================
    Info:     0.358         0.000 Clk 
Info: No recovery paths to report
Info: No removal paths to report
Critical Warning: Timing requirements not met
Critical Warning: Found minimum pulse width or period violations. See Report Minimum Pulse Width for details.
Info: The Metastability Analysis global option is set to OFF.
Info: No synchronizer chains to report.
Info: Analyzing Slow 1200mV 0C Model
Info: Started post-fitting delay annotation
Info: Delay annotation completed successfully
Critical Warning: The following clock transfers have no clock uncertainty assignment. For more accurate results, apply clock uncertainty assignments or use the derive_clock_uncertainty command.
    Critical Warning: From Clk (Rise) to Clk (Rise) (setup and hold)
Info: Worst-case setup slack is 0.182
    Info:     Slack End Point TNS Clock 
    Info: ========= ============= =====================
    Info:     0.182         0.000 Clk 
Info: Worst-case hold slack is 0.311
    Info:     Slack End Point TNS Clock 
    Info: ========= ============= =====================
    Info:     0.311         0.000 Clk 
Info: No recovery paths to report
Info: No removal paths to report
Critical Warning: Timing requirements not met
Critical Warning: Found minimum pulse width or period violations. See Report Minimum Pulse Width for details.
Info: The Metastability Analysis global option is set to OFF.
Info: No synchronizer chains to report.
Info: Analyzing Fast 1200mV 0C Model
Info: Started post-fitting delay annotation
Info: Delay annotation completed successfully
Critical Warning: The following clock transfers have no clock uncertainty assignment. For more accurate results, apply clock uncertainty assignments or use the derive_clock_uncertainty command.
    Critical Warning: From Clk (Rise) to Clk (Rise) (setup and hold)
Info: Worst-case setup slack is 0.497
    Info:     Slack End Point TNS Clock 
    Info: ========= ============= =====================
    Info:     0.497         0.000 Clk 
Info: Worst-case hold slack is 0.187
    Info:     Slack End Point TNS Clock 
    Info: ========= ============= =====================
    Info:     0.187         0.000 Clk 
Info: No recovery paths to report
Info: No removal paths to report
Critical Warning: Timing requirements not met
Critical Warning: Found minimum pulse width or period violations. See Report Minimum Pulse Width for details.
Info: The Metastability Analysis global option is set to OFF.
Info: No synchronizer chains to report.
Info: Design is not fully constrained for setup requirements
Info: Design is not fully constrained for hold requirements
Info: Quartus II TimeQuest Timing Analyzer was successful. 0 errors, 13 warnings
    Info: Peak virtual memory: 250 megabytes
    Info: Processing ended: Fri Sep 16 18:00:31 2022
    Info: Elapsed time: 00:00:01
    Info: Total CPU time (on all processors): 00:00:01


